Archive member included to satisfy reference by file (symbol)

/Applications/STM32CubeIDE.app/Contents/Eclipse/plugins/com.st.stm32cube.ide.mcu.externaltools.gnu-tools-for-stm32.11.3.rel1.macos64_1.1.100.202310310803/tools/bin/../lib/gcc/arm-none-eabi/11.3.1/../../../../arm-none-eabi/lib/thumb/v7-m/nofp/libc_nano.a(libc_a-exit.o)
                              /Applications/STM32CubeIDE.app/Contents/Eclipse/plugins/com.st.stm32cube.ide.mcu.externaltools.gnu-tools-for-stm32.11.3.rel1.macos64_1.1.100.202310310803/tools/bin/../lib/gcc/arm-none-eabi/11.3.1/../../../../arm-none-eabi/lib/thumb/v7-m/nofp/crt0.o (exit)
/Applications/STM32CubeIDE.app/Contents/Eclipse/plugins/com.st.stm32cube.ide.mcu.externaltools.gnu-tools-for-stm32.11.3.rel1.macos64_1.1.100.202310310803/tools/bin/../lib/gcc/arm-none-eabi/11.3.1/../../../../arm-none-eabi/lib/thumb/v7-m/nofp/libc_nano.a(libc_a-findfp.o)
                              /Applications/STM32CubeIDE.app/Contents/Eclipse/plugins/com.st.stm32cube.ide.mcu.externaltools.gnu-tools-for-stm32.11.3.rel1.macos64_1.1.100.202310310803/tools/bin/../lib/gcc/arm-none-eabi/11.3.1/../../../../arm-none-eabi/lib/thumb/v7-m/nofp/libc_nano.a(libc_a-exit.o) (__stdio_exit_handler)
/Applications/STM32CubeIDE.app/Contents/Eclipse/plugins/com.st.stm32cube.ide.mcu.externaltools.gnu-tools-for-stm32.11.3.rel1.macos64_1.1.100.202310310803/tools/bin/../lib/gcc/arm-none-eabi/11.3.1/../../../../arm-none-eabi/lib/thumb/v7-m/nofp/libc_nano.a(libc_a-fwalk.o)
                              /Applications/STM32CubeIDE.app/Contents/Eclipse/plugins/com.st.stm32cube.ide.mcu.externaltools.gnu-tools-for-stm32.11.3.rel1.macos64_1.1.100.202310310803/tools/bin/../lib/gcc/arm-none-eabi/11.3.1/../../../../arm-none-eabi/lib/thumb/v7-m/nofp/libc_nano.a(libc_a-findfp.o) (_fwalk_sglue)
/Applications/STM32CubeIDE.app/Contents/Eclipse/plugins/com.st.stm32cube.ide.mcu.externaltools.gnu-tools-for-stm32.11.3.rel1.macos64_1.1.100.202310310803/tools/bin/../lib/gcc/arm-none-eabi/11.3.1/../../../../arm-none-eabi/lib/thumb/v7-m/nofp/libc_nano.a(libc_a-memset.o)
                              /Applications/STM32CubeIDE.app/Contents/Eclipse/plugins/com.st.stm32cube.ide.mcu.externaltools.gnu-tools-for-stm32.11.3.rel1.macos64_1.1.100.202310310803/tools/bin/../lib/gcc/arm-none-eabi/11.3.1/../../../../arm-none-eabi/lib/thumb/v7-m/nofp/crt0.o (memset)
/Applications/STM32CubeIDE.app/Contents/Eclipse/plugins/com.st.stm32cube.ide.mcu.externaltools.gnu-tools-for-stm32.11.3.rel1.macos64_1.1.100.202310310803/tools/bin/../lib/gcc/arm-none-eabi/11.3.1/../../../../arm-none-eabi/lib/thumb/v7-m/nofp/libc_nano.a(libc_a-impure.o)
                              /Applications/STM32CubeIDE.app/Contents/Eclipse/plugins/com.st.stm32cube.ide.mcu.externaltools.gnu-tools-for-stm32.11.3.rel1.macos64_1.1.100.202310310803/tools/bin/../lib/gcc/arm-none-eabi/11.3.1/../../../../arm-none-eabi/lib/thumb/v7-m/nofp/libc_nano.a(libc_a-findfp.o) (_impure_data)
/Applications/STM32CubeIDE.app/Contents/Eclipse/plugins/com.st.stm32cube.ide.mcu.externaltools.gnu-tools-for-stm32.11.3.rel1.macos64_1.1.100.202310310803/tools/bin/../lib/gcc/arm-none-eabi/11.3.1/../../../../arm-none-eabi/lib/thumb/v7-m/nofp/libc_nano.a(libc_a-errno.o)
                              ./Core/Src/syscalls.o (__errno)
/Applications/STM32CubeIDE.app/Contents/Eclipse/plugins/com.st.stm32cube.ide.mcu.externaltools.gnu-tools-for-stm32.11.3.rel1.macos64_1.1.100.202310310803/tools/bin/../lib/gcc/arm-none-eabi/11.3.1/../../../../arm-none-eabi/lib/thumb/v7-m/nofp/libc_nano.a(libc_a-init.o)
                              /Applications/STM32CubeIDE.app/Contents/Eclipse/plugins/com.st.stm32cube.ide.mcu.externaltools.gnu-tools-for-stm32.11.3.rel1.macos64_1.1.100.202310310803/tools/bin/../lib/gcc/arm-none-eabi/11.3.1/../../../../arm-none-eabi/lib/thumb/v7-m/nofp/crt0.o (__libc_init_array)
/Applications/STM32CubeIDE.app/Contents/Eclipse/plugins/com.st.stm32cube.ide.mcu.externaltools.gnu-tools-for-stm32.11.3.rel1.macos64_1.1.100.202310310803/tools/bin/../lib/gcc/arm-none-eabi/11.3.1/../../../../arm-none-eabi/lib/thumb/v7-m/nofp/libc_nano.a(libc_a-lock.o)
                              /Applications/STM32CubeIDE.app/Contents/Eclipse/plugins/com.st.stm32cube.ide.mcu.externaltools.gnu-tools-for-stm32.11.3.rel1.macos64_1.1.100.202310310803/tools/bin/../lib/gcc/arm-none-eabi/11.3.1/../../../../arm-none-eabi/lib/thumb/v7-m/nofp/libc_nano.a(libc_a-findfp.o) (__retarget_lock_init_recursive)
/Applications/STM32CubeIDE.app/Contents/Eclipse/plugins/com.st.stm32cube.ide.mcu.externaltools.gnu-tools-for-stm32.11.3.rel1.macos64_1.1.100.202310310803/tools/bin/../lib/gcc/arm-none-eabi/11.3.1/../../../../arm-none-eabi/lib/thumb/v7-m/nofp/libc_nano.a(libc_a-mallocr.o)
[...]
Memory Configuration

Name             Origin             Length             Attributes
RAM              0x0000000020000000 0x0000000000014000 xrw
FLASH            0x0000000008000000 0x0000000000080000 xr
*default*        0x0000000000000000 0xffffffffffffffff

Linker script and memory map

LOAD /Applications/STM32CubeIDE.app/Contents/Eclipse/plugins/com.st.stm32cube.ide.mcu.externaltools.gnu-tools-for-stm32.11.3.rel1.macos64_1.1.100.202310310803/tools/bin/../lib/gcc/arm-none-eabi/11.3.1/thumb/v7-m/nofp/crti.o
LOAD /Applications/STM32CubeIDE.app/Contents/Eclipse/plugins/com.st.stm32cube.ide.mcu.externaltools.gnu-tools-for-stm32.11.3.rel1.macos64_1.1.100.202310310803/tools/bin/../lib/gcc/arm-none-eabi/11.3.1/thumb/v7-m/nofp/crtbegin.o
LOAD /Applications/STM32CubeIDE.app/Contents/Eclipse/plugins/com.st.stm32cube.ide.mcu.externaltools.gnu-tools-for-stm32.11.3.rel1.macos64_1.1.100.202310310803/tools/bin/../lib/gcc/arm-none-eabi/11.3.1/../../../../arm-none-eabi/lib/thumb/v7-m/nofp/crt0.o
LOAD ./Core/React_game/game.o
LOAD ./Core/Src/main.o
LOAD ./Core/Src/stm32l1xx_hal_msp.o
LOAD ./Core/Src/stm32l1xx_it.o
LOAD ./Core/Src/syscalls.o
LOAD ./Core/Src/sysmem.o
LOAD ./Core/Src/system_stm32l1xx.o
LOAD ./Core/Startup/startup_stm32l152retx.o
LOAD ./Drivers/MAX7219-master/max7219.o
LOAD ./Drivers/STM32L1xx_HAL_Driver/Src/stm32l1xx_hal.o
LOAD ./Drivers/STM32L1xx_HAL_Driver/Src/stm32l1xx_hal_cortex.o
LOAD ./Drivers/STM32L1xx_HAL_Driver/Src/stm32l1xx_hal_dma.o
LOAD ./Drivers/STM32L1xx_HAL_Driver/Src/stm32l1xx_hal_exti.o
LOAD ./Drivers/STM32L1xx_HAL_Driver/Src/stm32l1xx_hal_flash.o
LOAD ./Drivers/STM32L1xx_HAL_Driver/Src/stm32l1xx_hal_flash_ex.o
LOAD ./Drivers/STM32L1xx_HAL_Driver/Src/stm32l1xx_hal_flash_ramfunc.o
LOAD ./Drivers/STM32L1xx_HAL_Driver/Src/stm32l1xx_hal_gpio.o
LOAD ./Drivers/STM32L1xx_HAL_Driver/Src/stm32l1xx_hal_pwr.o
LOAD ./Drivers/STM32L1xx_HAL_Driver/Src/stm32l1xx_hal_pwr_ex.o
LOAD ./Drivers/STM32L1xx_HAL_Driver/Src/stm32l1xx_hal_rcc.o
LOAD ./Drivers/STM32L1xx_HAL_Driver/Src/stm32l1xx_hal_rcc_ex.o
LOAD ./Drivers/STM32L1xx_HAL_Driver/Src/stm32l1xx_hal_spi.o
LOAD ./Drivers/STM32L1xx_HAL_Driver/Src/stm32l1xx_hal_tim.o
LOAD ./Drivers/STM32L1xx_HAL_Driver/Src/stm32l1xx_hal_tim_ex.o
START GROUP
LOAD /Applications/STM32CubeIDE.app/Contents/Eclipse/plugins/com.st.stm32cube.ide.mcu.externaltools.gnu-tools-for-stm32.11.3.rel1.macos64_1.1.100.202310310803/tools/bin/../lib/gcc/arm-none-eabi/11.3.1/../../../../arm-none-eabi/lib/thumb/v7-m/nofp/libc_nano.a
LOAD /Applications/STM32CubeIDE.app/Contents/Eclipse/plugins/com.st.stm32cube.ide.mcu.externaltools.gnu-tools-for-stm32.11.3.rel1.macos64_1.1.100.202310310803/tools/bin/../lib/gcc/arm-none-eabi/11.3.1/../../../../arm-none-eabi/lib/thumb/v7-m/nofp/libm.a
END GROUP
START GROUP
LOAD /Applications/STM32CubeIDE.app/Contents/Eclipse/plugins/com.st.stm32cube.ide.mcu.externaltools.gnu-tools-for-stm32.11.3.rel1.macos64_1.1.100.202310310803/tools/bin/../lib/gcc/arm-none-eabi/11.3.1/thumb/v7-m/nofp/libgcc.a
LOAD /Applications/STM32CubeIDE.app/Contents/Eclipse/plugins/com.st.stm32cube.ide.mcu.externaltools.gnu-tools-for-stm32.11.3.rel1.macos64_1.1.100.202310310803/tools/bin/../lib/gcc/arm-none-eabi/11.3.1/../../../../arm-none-eabi/lib/thumb/v7-m/nofp/libc_nano.a
END GROUP
START GROUP
LOAD /Applications/STM32CubeIDE.app/Contents/Eclipse/plugins/com.st.stm32cube.ide.mcu.externaltools.gnu-tools-for-stm32.11.3.rel1.macos64_1.1.100.202310310803/tools/bin/../lib/gcc/arm-none-eabi/11.3.1/thumb/v7-m/nofp/libgcc.a
LOAD /Applications/STM32CubeIDE.app/Contents/Eclipse/plugins/com.st.stm32cube.ide.mcu.externaltools.gnu-tools-for-stm32.11.3.rel1.macos64_1.1.100.202310310803/tools/bin/../lib/gcc/arm-none-eabi/11.3.1/../../../../arm-none-eabi/lib/thumb/v7-m/nofp/libc_nano.a
LOAD /Applications/STM32CubeIDE.app/Contents/Eclipse/plugins/com.st.stm32cube.ide.mcu.externaltools.gnu-tools-for-stm32.11.3.rel1.macos64_1.1.100.202310310803/tools/bin/../lib/gcc/arm-none-eabi/11.3.1/../../../../arm-none-eabi/lib/thumb/v7-m/nofp/libnosys.a
END GROUP
START GROUP
LOAD /Applications/STM32CubeIDE.app/Contents/Eclipse/plugins/com.st.stm32cube.ide.mcu.externaltools.gnu-tools-for-stm32.11.3.rel1.macos64_1.1.100.202310310803/tools/bin/../lib/gcc/arm-none-eabi/11.3.1/thumb/v7-m/nofp/libgcc.a
LOAD /Applications/STM32CubeIDE.app/Contents/Eclipse/plugins/com.st.stm32cube.ide.mcu.externaltools.gnu-tools-for-stm32.11.3.rel1.macos64_1.1.100.202310310803/tools/bin/../lib/gcc/arm-none-eabi/11.3.1/../../../../arm-none-eabi/lib/thumb/v7-m/nofp/libc_nano.a
LOAD /Applications/STM32CubeIDE.app/Contents/Eclipse/plugins/com.st.stm32cube.ide.mcu.externaltools.gnu-tools-for-stm32.11.3.rel1.macos64_1.1.100.202310310803/tools/bin/../lib/gcc/arm-none-eabi/11.3.1/../../../../arm-none-eabi/lib/thumb/v7-m/nofp/libnosys.a
END GROUP
LOAD /Applications/STM32CubeIDE.app/Contents/Eclipse/plugins/com.st.stm32cube.ide.mcu.externaltools.gnu-tools-for-stm32.11.3.rel1.macos64_1.1.100.202310310803/tools/bin/../lib/gcc/arm-none-eabi/11.3.1/thumb/v7-m/nofp/crtend.o
LOAD /Applications/STM32CubeIDE.app/Contents/Eclipse/plugins/com.st.stm32cube.ide.mcu.externaltools.gnu-tools-for-stm32.11.3.rel1.macos64_1.1.100.202310310803/tools/bin/../lib/gcc/arm-none-eabi/11.3.1/thumb/v7-m/nofp/crtn.o
                0x0000000020014000                _estack = (ORIGIN (RAM) + LENGTH (RAM))
                0x0000000000000200                _Min_Heap_Size = 0x200
                0x0000000000000400                _Min_Stack_Size = 0x400

.isr_vector     0x0000000008000000      0x13c
                0x0000000008000000                . = ALIGN (0x4)
 *(.isr_vector)
 .isr_vector    0x0000000008000000      0x13c ./Core/Startup/startup_stm32l152retx.o
                0x0000000008000000                g_pfnVectors
                0x000000000800013c                . = ALIGN (0x4)

.text           0x000000000800013c     0x1a08
                0x000000000800013c                . = ALIGN (0x4)
 *(.text)
 .text          0x000000000800013c       0x40 /Applications/STM32CubeIDE.app/Contents/Eclipse/plugins/com.st.stm32cube.ide.mcu.externaltools.gnu-tools-for-stm32.11.3.rel1.macos64_1.1.100.202310310803/tools/bin/../lib/gcc/arm-none-eabi/11.3.1/thumb/v7-m/nofp/crtbegin.o
 .text          0x000000000800017c       0x30 /Applications/STM32CubeIDE.app/Contents/Eclipse/plugins/com.st.stm32cube.ide.mcu.externaltools.gnu-tools-for-stm32.11.3.rel1.macos64_1.1.100.202310310803/tools/bin/../lib/gcc/arm-none-eabi/11.3.1/thumb/v7-m/nofp/libgcc.a(_aeabi_uldivmod.o)
                0x000000000800017c                __aeabi_uldivmod
 .text          0x00000000080001ac      0x2cc /Applications/STM32CubeIDE.app/Contents/Eclipse/plugins/com.st.stm32cube.ide.mcu.externaltools.gnu-tools-for-stm32.11.3.rel1.macos64_1.1.100.202310310803/tools/bin/../lib/gcc/arm-none-eabi/11.3.1/thumb/v7-m/nofp/libgcc.a(_udivmoddi4.o)
                0x00000000080001ac                __udivmoddi4
 .text          0x0000000008000478        0x4 /Applications/STM32CubeIDE.app/Contents/Eclipse/plugins/com.st.stm32cube.ide.mcu.externaltools.gnu-tools-for-stm32.11.3.rel1.macos64_1.1.100.202310310803/tools/bin/../lib/gcc/arm-none-eabi/11.3.1/thumb/v7-m/nofp/libgcc.a(_dvmd_tls.o)
                0x0000000008000478                __aeabi_ldiv0
                0x0000000008000478                __aeabi_idiv0
 *(.text*)
 .text.HAL_GPIO_EXTI_Callback
                0x000000000800047c       0x14 ./Core/React_game/game.o
                0x000000000800047c                HAL_GPIO_EXTI_Callback
 .text.main     0x0000000008000490       0x16 ./Core/Src/main.o
                0x0000000008000490                main
 *fill*         0x00000000080004a6        0x2 
 .text.SystemClock_Config
                0x00000000080004a8       0x90 ./Core/Src/main.o
                0x00000000080004a8                SystemClock_Config
 .text.MX_SPI1_Init
                0x0000000008000538       0x6c ./Core/Src/main.o
 .text.MX_GPIO_Init
                0x00000000080005a4       0xdc ./Core/Src/main.o
 .text.Error_Handler
                0x0000000008000680        0xa ./Core/Src/main.o
                0x0000000008000680                Error_Handler
 *fill*         0x000000000800068a        0x2 
 .text.HAL_MspInit
                0x000000000800068c       0x5c ./Core/Src/stm32l1xx_hal_msp.o
                0x000000000800068c                HAL_MspInit
 .text.HAL_SPI_MspInit
                0x00000000080006e8       0x88 ./Core/Src/stm32l1xx_hal_msp.o
                0x00000000080006e8                HAL_SPI_MspInit
 .text.NMI_Handler
                0x0000000008000770        0x6 ./Core/Src/stm32l1xx_it.o
                0x0000000008000770                NMI_Handler
 .text.HardFault_Handler
                0x0000000008000776        0x6 ./Core/Src/stm32l1xx_it.o
                0x0000000008000776                HardFault_Handler
 .text.MemManage_Handler
                0x000000000800077c        0x6 ./Core/Src/stm32l1xx_it.o
                0x000000000800077c                MemManage_Handler
 .text.BusFault_Handler
                0x0000000008000782        0x6 ./Core/Src/stm32l1xx_it.o
                0x0000000008000782                BusFault_Handler
 .text.UsageFault_Handler
                0x0000000008000788        0x6 ./Core/Src/stm32l1xx_it.o
                0x0000000008000788                UsageFault_Handler
 .text.SVC_Handler
                0x000000000800078e        0xc ./Core/Src/stm32l1xx_it.o
                0x000000000800078e                SVC_Handler
 .text.DebugMon_Handler
                0x000000000800079a        0xc ./Core/Src/stm32l1xx_it.o
                0x000000000800079a                DebugMon_Handler
 .text.PendSV_Handler
                0x00000000080007a6        0xc ./Core/Src/stm32l1xx_it.o
                0x00000000080007a6                PendSV_Handler
 .text.SysTick_Handler
                0x00000000080007b2        0xc ./Core/Src/stm32l1xx_it.o
                0x00000000080007b2                SysTick_Handler
 .text.EXTI9_5_IRQHandler
                0x00000000080007be       0x14 ./Core/Src/stm32l1xx_it.o
                0x00000000080007be                EXTI9_5_IRQHandler
 .text.EXTI15_10_IRQHandler
                0x00000000080007d2       0x18 ./Core/Src/stm32l1xx_it.o
                0x00000000080007d2                EXTI15_10_IRQHandler
 .text.SystemInit
                0x00000000080007ea        0xc ./Core/Src/system_stm32l1xx.o
                0x00000000080007ea                SystemInit
 *fill*         0x00000000080007f6        0x2 
 .text.Reset_Handler
                0x00000000080007f8       0x48 ./Core/Startup/startup_stm32l152retx.o
                0x00000000080007f8                Reset_Handler
 .text.Default_Handler
                0x0000000008000840        0x2 ./Core/Startup/startup_stm32l152retx.o
                0x0000000008000840                DMA2_Channel3_IRQHandler
                0x0000000008000840                EXTI2_IRQHandler
                0x0000000008000840                COMP_ACQ_IRQHandler
                0x0000000008000840                TIM10_IRQHandler
                0x0000000008000840                USB_HP_IRQHandler
                0x0000000008000840                TIM6_IRQHandler
                0x0000000008000840                PVD_IRQHandler
                0x0000000008000840                EXTI3_IRQHandler
                0x0000000008000840                EXTI0_IRQHandler
                0x0000000008000840                I2C2_EV_IRQHandler
                0x0000000008000840                SPI1_IRQHandler
                0x0000000008000840                USB_FS_WKUP_IRQHandler
                0x0000000008000840                DMA2_Channel2_IRQHandler
                0x0000000008000840                DMA1_Channel4_IRQHandler
                0x0000000008000840                ADC1_IRQHandler
                0x0000000008000840                USART3_IRQHandler
                0x0000000008000840                DMA1_Channel7_IRQHandler
                0x0000000008000840                LCD_IRQHandler
                0x0000000008000840                UART5_IRQHandler
                0x0000000008000840                TIM4_IRQHandler
                0x0000000008000840                DMA2_Channel1_IRQHandler
                0x0000000008000840                I2C1_EV_IRQHandler
                0x0000000008000840                DMA1_Channel6_IRQHandler
                0x0000000008000840                UART4_IRQHandler
                0x0000000008000840                DMA2_Channel4_IRQHandler
                0x0000000008000840                TIM3_IRQHandler
                0x0000000008000840                RCC_IRQHandler
                0x0000000008000840                DMA1_Channel1_IRQHandler
                0x0000000008000840                Default_Handler
                0x0000000008000840                TIM7_IRQHandler
                0x0000000008000840                TIM5_IRQHandler
                0x0000000008000840                TIM9_IRQHandler
                0x0000000008000840                TAMPER_STAMP_IRQHandler
                0x0000000008000840                RTC_WKUP_IRQHandler
                0x0000000008000840                SPI2_IRQHandler
                0x0000000008000840                DMA2_Channel5_IRQHandler
                0x0000000008000840                DMA1_Channel5_IRQHandler
                0x0000000008000840                USB_LP_IRQHandler
                0x0000000008000840                EXTI4_IRQHandler
                0x0000000008000840                DMA1_Channel3_IRQHandler
                0x0000000008000840                COMP_IRQHandler
                0x0000000008000840                WWDG_IRQHandler
                0x0000000008000840                TIM2_IRQHandler
                0x0000000008000840                DAC_IRQHandler
                0x0000000008000840                EXTI1_IRQHandler
                0x0000000008000840                TIM11_IRQHandler
                0x0000000008000840                USART2_IRQHandler
                0x0000000008000840                I2C2_ER_IRQHandler
                0x0000000008000840                DMA1_Channel2_IRQHandler
                0x0000000008000840                FLASH_IRQHandler
                0x0000000008000840                USART1_IRQHandler
                0x0000000008000840                SPI3_IRQHandler
                0x0000000008000840                I2C1_ER_IRQHandler
                0x0000000008000840                RTC_Alarm_IRQHandler
 .text.HAL_Init
                0x0000000008000842       0x30 ./Drivers/STM32L1xx_HAL_Driver/Src/stm32l1xx_hal.o
                0x0000000008000842                HAL_Init
 *fill*         0x0000000008000872        0x2 
 .text.HAL_InitTick
                0x0000000008000874       0x74 ./Drivers/STM32L1xx_HAL_Driver/Src/stm32l1xx_hal.o
                0x0000000008000874                HAL_InitTick
 .text.HAL_IncTick
                0x00000000080008e8       0x24 ./Drivers/STM32L1xx_HAL_Driver/Src/stm32l1xx_hal.o
                0x00000000080008e8                HAL_IncTick
 .text.HAL_GetTick
                0x000000000800090c       0x14 ./Drivers/STM32L1xx_HAL_Driver/Src/stm32l1xx_hal.o
                0x000000000800090c                HAL_GetTick
 .text.__NVIC_SetPriorityGrouping
                0x0000000008000920       0x48 ./Drivers/STM32L1xx_HAL_Driver/Src/stm32l1xx_hal_cortex.o
 .text.__NVIC_GetPriorityGrouping
                0x0000000008000968       0x1c ./Drivers/STM32L1xx_HAL_Driver/Src/stm32l1xx_hal_cortex.o
 .text.__NVIC_EnableIRQ
                0x0000000008000984       0x38 ./Drivers/STM32L1xx_HAL_Driver/Src/stm32l1xx_hal_cortex.o
 .text.__NVIC_SetPriority
                0x00000000080009bc       0x54 ./Drivers/STM32L1xx_HAL_Driver/Src/stm32l1xx_hal_cortex.o
 .text.NVIC_EncodePriority
                0x0000000008000a10       0x64 ./Drivers/STM32L1xx_HAL_Driver/Src/stm32l1xx_hal_cortex.o
 .text.SysTick_Config
                0x0000000008000a74       0x44 ./Drivers/STM32L1xx_HAL_Driver/Src/stm32l1xx_hal_cortex.o
 .text.HAL_NVIC_SetPriorityGrouping
                0x0000000008000ab8       0x16 ./Drivers/STM32L1xx_HAL_Driver/Src/stm32l1xx_hal_cortex.o
                0x0000000008000ab8                HAL_NVIC_SetPriorityGrouping
 .text.HAL_NVIC_SetPriority
                0x0000000008000ace       0x38 ./Drivers/STM32L1xx_HAL_Driver/Src/stm32l1xx_hal_cortex.o
                0x0000000008000ace                HAL_NVIC_SetPriority
 .text.HAL_NVIC_EnableIRQ
                0x0000000008000b06       0x1c ./Drivers/STM32L1xx_HAL_Driver/Src/stm32l1xx_hal_cortex.o
                0x0000000008000b06                HAL_NVIC_EnableIRQ
 .text.HAL_SYSTICK_Config
                0x0000000008000b22       0x18 ./Drivers/STM32L1xx_HAL_Driver/Src/stm32l1xx_hal_cortex.o
                0x0000000008000b22                HAL_SYSTICK_Config
 *fill*         0x0000000008000b3a        0x2 
 .text.HAL_GPIO_Init
                0x0000000008000b3c      0x320 ./Drivers/STM32L1xx_HAL_Driver/Src/stm32l1xx_hal_gpio.o
                0x0000000008000b3c                HAL_GPIO_Init
 .text.HAL_GPIO_WritePin
                0x0000000008000e5c       0x30 ./Drivers/STM32L1xx_HAL_Driver/Src/stm32l1xx_hal_gpio.o
                0x0000000008000e5c                HAL_GPIO_WritePin
 .text.HAL_GPIO_EXTI_IRQHandler
                0x0000000008000e8c       0x30 ./Drivers/STM32L1xx_HAL_Driver/Src/stm32l1xx_hal_gpio.o
                0x0000000008000e8c                HAL_GPIO_EXTI_IRQHandler
 .text.HAL_RCC_OscConfig
                0x0000000008000ebc      0x660 ./Drivers/STM32L1xx_HAL_Driver/Src/stm32l1xx_hal_rcc.o
                0x0000000008000ebc                HAL_RCC_OscConfig
 .text.HAL_RCC_ClockConfig
                0x000000000800151c      0x268 ./Drivers/STM32L1xx_HAL_Driver/Src/stm32l1xx_hal_rcc.o
                0x000000000800151c                HAL_RCC_ClockConfig
 .text.HAL_RCC_GetSysClockFreq
                0x0000000008001784      0x17c ./Drivers/STM32L1xx_HAL_Driver/Src/stm32l1xx_hal_rcc.o
                0x0000000008001784                HAL_RCC_GetSysClockFreq
 .text.RCC_SetFlashLatencyFromMSIRange
                0x0000000008001900       0xc0 ./Drivers/STM32L1xx_HAL_Driver/Src/stm32l1xx_hal_rcc.o
 .text.HAL_SPI_Init
                0x00000000080019c0      0x112 ./Drivers/STM32L1xx_HAL_Driver/Src/stm32l1xx_hal_spi.o
                0x00000000080019c0                HAL_SPI_Init
 .text.memset   0x0000000008001ad2       0x10 /Applications/STM32CubeIDE.app/Contents/Eclipse/plugins/com.st.stm32cube.ide.mcu.externaltools.gnu-tools-for-stm32.11.3.rel1.macos64_1.1.100.202310310803/tools/bin/../lib/gcc/arm-none-eabi/11.3.1/../../../../arm-none-eabi/lib/thumb/v7-m/nofp/libc_nano.a(libc_a-memset.o)
                0x0000000008001ad2                memset
 *fill*         0x0000000008001ae2        0x2 
 .text.__libc_init_array
                0x0000000008001ae4       0x48 /Applications/STM32CubeIDE.app/Contents/Eclipse/plugins/com.st.stm32cube.ide.mcu.externaltools.gnu-tools-for-stm32.11.3.rel1.macos64_1.1.100.202310310803/tools/bin/../lib/gcc/arm-none-eabi/11.3.1/../../../../arm-none-eabi/lib/thumb/v7-m/nofp/libc_nano.a(libc_a-init.o)
                0x0000000008001ae4                __libc_init_array
 *(.glue_7)
 .glue_7        0x0000000008001b2c        0x0 linker stubs
 *(.glue_7t)
 .glue_7t       0x0000000008001b2c        0x0 linker stubs
 *(.eh_frame)
 .eh_frame      0x0000000008001b2c        0x0 /Applications/STM32CubeIDE.app/Contents/Eclipse/plugins/com.st.stm32cube.ide.mcu.externaltools.gnu-tools-for-stm32.11.3.rel1.macos64_1.1.100.202310310803/tools/bin/../lib/gcc/arm-none-eabi/11.3.1/thumb/v7-m/nofp/crtbegin.o
 *(.init)
 .init          0x0000000008001b2c        0x4 /Applications/STM32CubeIDE.app/Contents/Eclipse/plugins/com.st.stm32cube.ide.mcu.externaltools.gnu-tools-for-stm32.11.3.rel1.macos64_1.1.100.202310310803/tools/bin/../lib/gcc/arm-none-eabi/11.3.1/thumb/v7-m/nofp/crti.o
                0x0000000008001b2c                _init
 .init          0x0000000008001b30        0x8 /Applications/STM32CubeIDE.app/Contents/Eclipse/plugins/com.st.stm32cube.ide.mcu.externaltools.gnu-tools-for-stm32.11.3.rel1.macos64_1.1.100.202310310803/tools/bin/../lib/gcc/arm-none-eabi/11.3.1/thumb/v7-m/nofp/crtn.o
 *(.fini)
 .fini          0x0000000008001b38        0x4 /Applications/STM32CubeIDE.app/Contents/Eclipse/plugins/com.st.stm32cube.ide.mcu.externaltools.gnu-tools-for-stm32.11.3.rel1.macos64_1.1.100.202310310803/tools/bin/../lib/gcc/arm-none-eabi/11.3.1/thumb/v7-m/nofp/crti.o
                0x0000000008001b38                _fini
 .fini          0x0000000008001b3c        0x8 /Applications/STM32CubeIDE.app/Contents/Eclipse/plugins/com.st.stm32cube.ide.mcu.externaltools.gnu-tools-for-stm32.11.3.rel1.macos64_1.1.100.202310310803/tools/bin/../lib/gcc/arm-none-eabi/11.3.1/thumb/v7-m/nofp/crtn.o
                0x0000000008001b44                . = ALIGN (0x4)
                0x0000000008001b44                _etext = .

.vfp11_veneer   0x0000000008001b44        0x0
 .vfp11_veneer  0x0000000008001b44        0x0 linker stubs

.v4_bx          0x0000000008001b44        0x0
 .v4_bx         0x0000000008001b44        0x0 linker stubs

.iplt           0x0000000008001b44        0x0
 .iplt          0x0000000008001b44        0x0 /Applications/STM32CubeIDE.app/Contents/Eclipse/plugins/com.st.stm32cube.ide.mcu.externaltools.gnu-tools-for-stm32.11.3.rel1.macos64_1.1.100.202310310803/tools/bin/../lib/gcc/arm-none-eabi/11.3.1/thumb/v7-m/nofp/crtbegin.o

.rodata         0x0000000008001b44       0x1c
                0x0000000008001b44                . = ALIGN (0x4)
 *(.rodata)
 *(.rodata*)
 .rodata.PLLMulTable
                0x0000000008001b44        0x9 ./Core/Src/system_stm32l1xx.o
                0x0000000008001b44                PLLMulTable
 *fill*         0x0000000008001b4d        0x3 
 .rodata.AHBPrescTable
                0x0000000008001b50       0x10 ./Core/Src/system_stm32l1xx.o
                0x0000000008001b50                AHBPrescTable
                0x0000000008001b60                . = ALIGN (0x4)

.ARM.extab      0x0000000008001b60        0x0
                0x0000000008001b60                . = ALIGN (0x4)
 *(.ARM.extab* .gnu.linkonce.armextab.*)
                0x0000000008001b60                . = ALIGN (0x4)

.ARM            0x0000000008001b60        0x8
                0x0000000008001b60                . = ALIGN (0x4)
                0x0000000008001b60                __exidx_start = .
 *(.ARM.exidx*)
 .ARM.exidx     0x0000000008001b60        0x8 /Applications/STM32CubeIDE.app/Contents/Eclipse/plugins/com.st.stm32cube.ide.mcu.externaltools.gnu-tools-for-stm32.11.3.rel1.macos64_1.1.100.202310310803/tools/bin/../lib/gcc/arm-none-eabi/11.3.1/thumb/v7-m/nofp/libgcc.a(_udivmoddi4.o)
                0x0000000008001b68                __exidx_end = .
                0x0000000008001b68                . = ALIGN (0x4)

.rel.dyn        0x0000000008001b68        0x0
 .rel.iplt      0x0000000008001b68        0x0 /Applications/STM32CubeIDE.app/Contents/Eclipse/plugins/com.st.stm32cube.ide.mcu.externaltools.gnu-tools-for-stm32.11.3.rel1.macos64_1.1.100.202310310803/tools/bin/../lib/gcc/arm-none-eabi/11.3.1/thumb/v7-m/nofp/crtbegin.o

.preinit_array  0x0000000008001b68        0x0
                0x0000000008001b68                . = ALIGN (0x4)
                0x0000000008001b68                PROVIDE (__preinit_array_start = .)
 *(.preinit_array*)
                0x0000000008001b68                PROVIDE (__preinit_array_end = .)
                0x0000000008001b68                . = ALIGN (0x4)

.init_array     0x0000000008001b68        0x4
                0x0000000008001b68                . = ALIGN (0x4)
                0x0000000008001b68                PROVIDE (__init_array_start = .)
 *(SORT_BY_NAME(.init_array.*))
 *(.init_array*)
 .init_array    0x0000000008001b68        0x4 /Applications/STM32CubeIDE.app/Contents/Eclipse/plugins/com.st.stm32cube.ide.mcu.externaltools.gnu-tools-for-stm32.11.3.rel1.macos64_1.1.100.202310310803/tools/bin/../lib/gcc/arm-none-eabi/11.3.1/thumb/v7-m/nofp/crtbegin.o
                0x0000000008001b6c                PROVIDE (__init_array_end = .)
                0x0000000008001b6c                . = ALIGN (0x4)

.fini_array     0x0000000008001b6c        0x4
                0x0000000008001b6c                . = ALIGN (0x4)
                [!provide]                        PROVIDE (__fini_array_start = .)
 *(SORT_BY_NAME(.fini_array.*))
 *(.fini_array*)
 .fini_array    0x0000000008001b6c        0x4 /Applications/STM32CubeIDE.app/Contents/Eclipse/plugins/com.st.stm32cube.ide.mcu.externaltools.gnu-tools-for-stm32.11.3.rel1.macos64_1.1.100.202310310803/tools/bin/../lib/gcc/arm-none-eabi/11.3.1/thumb/v7-m/nofp/crtbegin.o
                [!provide]                        PROVIDE (__fini_array_end = .)
                0x0000000008001b70                . = ALIGN (0x4)
                0x0000000008001b70                _sidata = LOADADDR (.data)

.data           0x0000000020000000        0xc load address 0x0000000008001b70
                0x0000000020000000                . = ALIGN (0x4)
                0x0000000020000000                _sdata = .
 *(.data)
 *(.data*)
 .data.SystemCoreClock
                0x0000000020000000        0x4 ./Core/Src/system_stm32l1xx.o
                0x0000000020000000                SystemCoreClock
 .data.uwTickPrio
                0x0000000020000004        0x4 ./Drivers/STM32L1xx_HAL_Driver/Src/stm32l1xx_hal.o
                0x0000000020000004                uwTickPrio
 .data.uwTickFreq
                0x0000000020000008        0x4 ./Drivers/STM32L1xx_HAL_Driver/Src/stm32l1xx_hal.o
                0x0000000020000008                uwTickFreq
 *(.RamFunc)
 *(.RamFunc*)
                0x000000002000000c                . = ALIGN (0x4)
                0x000000002000000c                _edata = .

.igot.plt       0x000000002000000c        0x0 load address 0x0000000008001b7c
 .igot.plt      0x000000002000000c        0x0 /Applications/STM32CubeIDE.app/Contents/Eclipse/plugins/com.st.stm32cube.ide.mcu.externaltools.gnu-tools-for-stm32.11.3.rel1.macos64_1.1.100.202310310803/tools/bin/../lib/gcc/arm-none-eabi/11.3.1/thumb/v7-m/nofp/crtbegin.o
                0x000000002000000c                . = ALIGN (0x4)

.bss            0x000000002000000c       0x78 load address 0x0000000008001b7c
                0x000000002000000c                _sbss = .
                0x000000002000000c                __bss_start__ = _sbss
 *(.bss)
 .bss           0x000000002000000c       0x1c /Applications/STM32CubeIDE.app/Contents/Eclipse/plugins/com.st.stm32cube.ide.mcu.externaltools.gnu-tools-for-stm32.11.3.rel1.macos64_1.1.100.202310310803/tools/bin/../lib/gcc/arm-none-eabi/11.3.1/thumb/v7-m/nofp/crtbegin.o
 *(.bss*)
 .bss.hspi1     0x0000000020000028       0x58 ./Core/Src/main.o
                0x0000000020000028                hspi1
 .bss.uwTick    0x0000000020000080        0x4 ./Drivers/STM32L1xx_HAL_Driver/Src/stm32l1xx_hal.o
                0x0000000020000080                uwTick
 *(COMMON)
                0x0000000020000084                . = ALIGN (0x4)
                0x0000000020000084                _ebss = .
                0x0000000020000084                __bss_end__ = _ebss

._user_heap_stack
                0x0000000020000084      0x604 load address 0x0000000008001b7c
                0x0000000020000088                . = ALIGN (0x8)
 *fill*         0x0000000020000084        0x4 
                [!provide]                        PROVIDE (end = .)
                0x0000000020000088                PROVIDE (_end = .)
                0x0000000020000288                . = (. + _Min_Heap_Size)
 *fill*         0x0000000020000088      0x200 
                0x0000000020000688                . = (. + _Min_Stack_Size)
 *fill*         0x0000000020000288      0x400 
                0x0000000020000688                . = ALIGN (0x8)

/DISCARD/
 libc.a(*)
 libm.a(*)
 libgcc.a(*)

.ARM.attributes
                0x0000000000000000       0x29
 *(.ARM.attributes)
 .ARM.attributes
                0x0000000000000000       0x1d /Applications/STM32CubeIDE.app/Contents/Eclipse/plugins/com.st.stm32cube.ide.mcu.externaltools.gnu-tools-for-stm32.11.3.rel1.macos64_1.1.100.202310310803/tools/bin/../lib/gcc/arm-none-eabi/11.3.1/thumb/v7-m/nofp/crti.o
 .ARM.attributes
                0x000000000000001d       0x2d /Applications/STM32CubeIDE.app/Contents/Eclipse/plugins/com.st.stm32cube.ide.mcu.externaltools.gnu-tools-for-stm32.11.3.rel1.macos64_1.1.100.202310310803/tools/bin/../lib/gcc/arm-none-eabi/11.3.1/thumb/v7-m/nofp/crtbegin.o
 .ARM.attributes
                0x000000000000004a       0x2d ./Core/React_game/game.o
 .ARM.attributes
                0x0000000000000077       0x2d ./Core/Src/main.o
 .ARM.attributes
                0x00000000000000a4       0x2d ./Core/Src/stm32l1xx_hal_msp.o
 .ARM.attributes
                0x00000000000000d1       0x2d ./Core/Src/stm32l1xx_it.o
 .ARM.attributes
                0x00000000000000fe       0x2d ./Core/Src/system_stm32l1xx.o
 .ARM.attributes
                0x000000000000012b       0x21 ./Core/Startup/startup_stm32l152retx.o
 .ARM.attributes
                0x000000000000014c       0x2d ./Drivers/STM32L1xx_HAL_Driver/Src/stm32l1xx_hal.o
 .ARM.attributes
                0x0000000000000179       0x2d ./Drivers/STM32L1xx_HAL_Driver/Src/stm32l1xx_hal_cortex.o
 .ARM.attributes
                0x00000000000001a6       0x2d ./Drivers/STM32L1xx_HAL_Driver/Src/stm32l1xx_hal_gpio.o
 .ARM.attributes
                0x00000000000001d3       0x2d ./Drivers/STM32L1xx_HAL_Driver/Src/stm32l1xx_hal_rcc.o
 .ARM.attributes
                0x0000000000000200       0x2d ./Drivers/STM32L1xx_HAL_Driver/Src/stm32l1xx_hal_spi.o
 .ARM.attributes
                0x000000000000022d       0x2d /Applications/STM32CubeIDE.app/Contents/Eclipse/plugins/com.st.stm32cube.ide.mcu.externaltools.gnu-tools-for-stm32.11.3.rel1.macos64_1.1.100.202310310803/tools/bin/../lib/gcc/arm-none-eabi/11.3.1/../../../../arm-none-eabi/lib/thumb/v7-m/nofp/libc_nano.a(libc_a-memset.o)
 .ARM.attributes
                0x000000000000025a       0x2d /Applications/STM32CubeIDE.app/Contents/Eclipse/plugins/com.st.stm32cube.ide.mcu.externaltools.gnu-tools-for-stm32.11.3.rel1.macos64_1.1.100.202310310803/tools/bin/../lib/gcc/arm-none-eabi/11.3.1/../../../../arm-none-eabi/lib/thumb/v7-m/nofp/libc_nano.a(libc_a-init.o)
 .ARM.attributes
                0x0000000000000287       0x1d /Applications/STM32CubeIDE.app/Contents/Eclipse/plugins/com.st.stm32cube.ide.mcu.externaltools.gnu-tools-for-stm32.11.3.rel1.macos64_1.1.100.202310310803/tools/bin/../lib/gcc/arm-none-eabi/11.3.1/thumb/v7-m/nofp/libgcc.a(_aeabi_uldivmod.o)
 .ARM.attributes
                0x00000000000002a4       0x2d /Applications/STM32CubeIDE.app/Contents/Eclipse/plugins/com.st.stm32cube.ide.mcu.externaltools.gnu-tools-for-stm32.11.3.rel1.macos64_1.1.100.202310310803/tools/bin/../lib/gcc/arm-none-eabi/11.3.1/thumb/v7-m/nofp/libgcc.a(_udivmoddi4.o)
 .ARM.attributes
                0x00000000000002d1       0x1d /Applications/STM32CubeIDE.app/Contents/Eclipse/plugins/com.st.stm32cube.ide.mcu.externaltools.gnu-tools-for-stm32.11.3.rel1.macos64_1.1.100.202310310803/tools/bin/../lib/gcc/arm-none-eabi/11.3.1/thumb/v7-m/nofp/libgcc.a(_dvmd_tls.o)
 .ARM.attributes
                0x00000000000002ee       0x1d /Applications/STM32CubeIDE.app/Contents/Eclipse/plugins/com.st.stm32cube.ide.mcu.externaltools.gnu-tools-for-stm32.11.3.rel1.macos64_1.1.100.202310310803/tools/bin/../lib/gcc/arm-none-eabi/11.3.1/thumb/v7-m/nofp/crtn.o
OUTPUT(React_game.elf elf32-littlearm)
LOAD linker stubs
LOAD /Applications/STM32CubeIDE.app/Contents/Eclipse/plugins/com.st.stm32cube.ide.mcu.externaltools.gnu-tools-for-stm32.11.3.rel1.macos64_1.1.100.202310310803/tools/bin/../lib/gcc/arm-none-eabi/11.3.1/../../../../arm-none-eabi/lib/thumb/v7-m/nofp/libc.a
LOAD /Applications/STM32CubeIDE.app/Contents/Eclipse/plugins/com.st.stm32cube.ide.mcu.externaltools.gnu-tools-for-stm32.11.3.rel1.macos64_1.1.100.202310310803/tools/bin/../lib/gcc/arm-none-eabi/11.3.1/../../../../arm-none-eabi/lib/thumb/v7-m/nofp/libm.a
LOAD /Applications/STM32CubeIDE.app/Contents/Eclipse/plugins/com.st.stm32cube.ide.mcu.externaltools.gnu-tools-for-stm32.11.3.rel1.macos64_1.1.100.202310310803/tools/bin/../lib/gcc/arm-none-eabi/11.3.1/thumb/v7-m/nofp/libgcc.a

.comment        0x0000000000000000       0x43
 .comment       0x0000000000000000       0x43 /Applications/STM32CubeIDE.app/Contents/Eclipse/plugins/com.st.stm32cube.ide.mcu.externaltools.gnu-tools-for-stm32.11.3.rel1.macos64_1.1.100.202310310803/tools/bin/../lib/gcc/arm-none-eabi/11.3.1/thumb/v7-m/nofp/crtbegin.o
                                         0x44 (size before relaxing)
 .comment       0x0000000000000043       0x44 ./Core/React_game/game.o
 .comment       0x0000000000000043       0x44 ./Core/Src/main.o
 .comment       0x0000000000000043       0x44 ./Core/Src/stm32l1xx_hal_msp.o
 .comment       0x0000000000000043       0x44 ./Core/Src/stm32l1xx_it.o
 .comment       0x0000000000000043       0x44 ./Core/Src/system_stm32l1xx.o
 .comment       0x0000000000000043       0x44 ./Drivers/STM32L1xx_HAL_Driver/Src/stm32l1xx_hal.o
 .comment       0x0000000000000043       0x44 ./Drivers/STM32L1xx_HAL_Driver/Src/stm32l1xx_hal_cortex.o
 .comment       0x0000000000000043       0x44 ./Drivers/STM32L1xx_HAL_Driver/Src/stm32l1xx_hal_gpio.o
 .comment       0x0000000000000043       0x44 ./Drivers/STM32L1xx_HAL_Driver/Src/stm32l1xx_hal_rcc.o
 .comment       0x0000000000000043       0x44 ./Drivers/STM32L1xx_HAL_Driver/Src/stm32l1xx_hal_spi.o

.debug_info     0x0000000000000000     0x5aa6
 .debug_info    0x0000000000000000      0x976 ./Core/React_game/game.o
 .debug_info    0x0000000000000976      0xc86 ./Core/Src/main.o
 .debug_info    0x00000000000015fc      0x81e ./Core/Src/stm32l1xx_hal_msp.o
 .debug_info    0x0000000000001e1a      0x15c ./Core/Src/stm32l1xx_it.o
 .debug_info    0x0000000000001f76      0x27c ./Core/Src/system_stm32l1xx.o
 .debug_info    0x00000000000021f2       0x23 ./Core/Startup/startup_stm32l152retx.o
 .debug_info    0x0000000000002215      0x6ef ./Drivers/STM32L1xx_HAL_Driver/Src/stm32l1xx_hal.o
 .debug_info    0x0000000000002904      0xcb0 ./Drivers/STM32L1xx_HAL_Driver/Src/stm32l1xx_hal_cortex.o
 .debug_info    0x00000000000035b4      0x5b2 ./Drivers/STM32L1xx_HAL_Driver/Src/stm32l1xx_hal_gpio.o
 .debug_info    0x0000000000003b66      0x991 ./Drivers/STM32L1xx_HAL_Driver/Src/stm32l1xx_hal_rcc.o
 .debug_info    0x00000000000044f7     0x15af ./Drivers/STM32L1xx_HAL_Driver/Src/stm32l1xx_hal_spi.o

.debug_abbrev   0x0000000000000000     0x1475
 .debug_abbrev  0x0000000000000000      0x214 ./Core/React_game/game.o
 .debug_abbrev  0x0000000000000214      0x241 ./Core/Src/main.o
 .debug_abbrev  0x0000000000000455      0x1a6 ./Core/Src/stm32l1xx_hal_msp.o
 .debug_abbrev  0x00000000000005fb       0xa0 ./Core/Src/stm32l1xx_it.o
 .debug_abbrev  0x000000000000069b      0x11c ./Core/Src/system_stm32l1xx.o
 .debug_abbrev  0x00000000000007b7       0x12 ./Core/Startup/startup_stm32l152retx.o
 .debug_abbrev  0x00000000000007c9      0x275 ./Drivers/STM32L1xx_HAL_Driver/Src/stm32l1xx_hal.o
 .debug_abbrev  0x0000000000000a3e      0x327 ./Drivers/STM32L1xx_HAL_Driver/Src/stm32l1xx_hal_cortex.o
 .debug_abbrev  0x0000000000000d65      0x1d4 ./Drivers/STM32L1xx_HAL_Driver/Src/stm32l1xx_hal_gpio.o
 .debug_abbrev  0x0000000000000f39      0x2b8 ./Drivers/STM32L1xx_HAL_Driver/Src/stm32l1xx_hal_rcc.o
 .debug_abbrev  0x00000000000011f1      0x284 ./Drivers/STM32L1xx_HAL_Driver/Src/stm32l1xx_hal_spi.o

.debug_aranges  0x0000000000000000      0x650
 .debug_aranges
                0x0000000000000000       0x70 ./Core/React_game/game.o
 .debug_aranges
                0x0000000000000070       0x40 ./Core/Src/main.o
 .debug_aranges
                0x00000000000000b0       0x30 ./Core/Src/stm32l1xx_hal_msp.o
 .debug_aranges
                0x00000000000000e0       0x70 ./Core/Src/stm32l1xx_it.o
 .debug_aranges
                0x0000000000000150       0x28 ./Core/Src/system_stm32l1xx.o
 .debug_aranges
                0x0000000000000178       0x28 ./Core/Startup/startup_stm32l152retx.o
 .debug_aranges
                0x00000000000001a0       0xe0 ./Drivers/STM32L1xx_HAL_Driver/Src/stm32l1xx_hal.o
 .debug_aranges
                0x0000000000000280      0x118 ./Drivers/STM32L1xx_HAL_Driver/Src/stm32l1xx_hal_cortex.o
 .debug_aranges
                0x0000000000000398       0x58 ./Drivers/STM32L1xx_HAL_Driver/Src/stm32l1xx_hal_gpio.o
 .debug_aranges
                0x00000000000003f0       0x90 ./Drivers/STM32L1xx_HAL_Driver/Src/stm32l1xx_hal_rcc.o
 .debug_aranges
                0x0000000000000480      0x1d0 ./Drivers/STM32L1xx_HAL_Driver/Src/stm32l1xx_hal_spi.o

.debug_rnglists
                0x0000000000000000      0x4aa
 .debug_rnglists
                0x0000000000000000       0x4f ./Core/React_game/game.o
 .debug_rnglists
                0x000000000000004f       0x2d ./Core/Src/main.o
 .debug_rnglists
                0x000000000000007c       0x20 ./Core/Src/stm32l1xx_hal_msp.o
 .debug_rnglists
                0x000000000000009c       0x4f ./Core/Src/stm32l1xx_it.o
 .debug_rnglists
                0x00000000000000eb       0x1a ./Core/Src/system_stm32l1xx.o
 .debug_rnglists
                0x0000000000000105       0x19 ./Core/Startup/startup_stm32l152retx.o
 .debug_rnglists
                0x000000000000011e       0xa3 ./Drivers/STM32L1xx_HAL_Driver/Src/stm32l1xx_hal.o
 .debug_rnglists
                0x00000000000001c1       0xce ./Drivers/STM32L1xx_HAL_Driver/Src/stm32l1xx_hal_cortex.o
 .debug_rnglists
                0x000000000000028f       0x3f ./Drivers/STM32L1xx_HAL_Driver/Src/stm32l1xx_hal_gpio.o
 .debug_rnglists
                0x00000000000002ce       0x6d ./Drivers/STM32L1xx_HAL_Driver/Src/stm32l1xx_hal_rcc.o
 .debug_rnglists
                0x000000000000033b      0x16f ./Drivers/STM32L1xx_HAL_Driver/Src/stm32l1xx_hal_spi.o

.debug_macro    0x0000000000000000    0x1544c
 .debug_macro   0x0000000000000000      0x2c9 ./Core/React_game/game.o
 .debug_macro   0x00000000000002c9      0xa9c ./Core/React_game/game.o
 .debug_macro   0x0000000000000d65      0x109 ./Core/React_game/game.o
 .debug_macro   0x0000000000000e6e       0x2e ./Core/React_game/game.o
 .debug_macro   0x0000000000000e9c       0x22 ./Core/React_game/game.o
 .debug_macro   0x0000000000000ebe       0x22 ./Core/React_game/game.o
 .debug_macro   0x0000000000000ee0       0x8e ./Core/React_game/game.o
 .debug_macro   0x0000000000000f6e       0x51 ./Core/React_game/game.o
 .debug_macro   0x0000000000000fbf      0x103 ./Core/React_game/game.o
 .debug_macro   0x00000000000010c2       0x6a ./Core/React_game/game.o
 .debug_macro   0x000000000000112c      0x1df ./Core/React_game/game.o
 .debug_macro   0x000000000000130b       0x1c ./Core/React_game/game.o
 .debug_macro   0x0000000000001327       0x22 ./Core/React_game/game.o
 .debug_macro   0x0000000000001349       0xbd ./Core/React_game/game.o
 .debug_macro   0x0000000000001406      0xe49 ./Core/React_game/game.o
 .debug_macro   0x000000000000224f      0x11f ./Core/React_game/game.o
 .debug_macro   0x000000000000236e     0xb56a ./Core/React_game/game.o
 .debug_macro   0x000000000000d8d8       0x6d ./Core/React_game/game.o
 .debug_macro   0x000000000000d945     0x34cc ./Core/React_game/game.o
 .debug_macro   0x0000000000010e11      0x174 ./Core/React_game/game.o
 .debug_macro   0x0000000000010f85       0x5b ./Core/React_game/game.o
 .debug_macro   0x0000000000010fe0      0xe37 ./Core/React_game/game.o
 .debug_macro   0x0000000000011e17      0x35b ./Core/React_game/game.o
 .debug_macro   0x0000000000012172      0x1b8 ./Core/React_game/game.o
 .debug_macro   0x000000000001232a       0xc5 ./Core/React_game/game.o
 .debug_macro   0x00000000000123ef      0x21e ./Core/React_game/game.o
 .debug_macro   0x000000000001260d      0x236 ./Core/React_game/game.o
 .debug_macro   0x0000000000012843      0x115 ./Core/React_game/game.o
 .debug_macro   0x0000000000012958      0x567 ./Core/React_game/game.o
 .debug_macro   0x0000000000012ebf      0x1e9 ./Core/React_game/game.o
 .debug_macro   0x00000000000130a8       0x22 ./Core/React_game/game.o
 .debug_macro   0x00000000000130ca      0x225 ./Core/React_game/game.o
 .debug_macro   0x00000000000132ef      0x170 ./Core/React_game/game.o
 .debug_macro   0x000000000001345f      0x492 ./Core/React_game/game.o
 .debug_macro   0x00000000000138f1       0x76 ./Core/React_game/game.o
 .debug_macro   0x0000000000013967       0x5e ./Core/React_game/game.o
 .debug_macro   0x00000000000139c5       0x61 ./Core/React_game/game.o
 .debug_macro   0x0000000000013a26       0x24 ./Core/React_game/game.o
 .debug_macro   0x0000000000013a4a       0x43 ./Core/React_game/game.o
 .debug_macro   0x0000000000013a8d       0x34 ./Core/React_game/game.o
 .debug_macro   0x0000000000013ac1       0x16 ./Core/React_game/game.o
 .debug_macro   0x0000000000013ad7       0x35 ./Core/React_game/game.o
 .debug_macro   0x0000000000013b0c      0x369 ./Core/React_game/game.o
 .debug_macro   0x0000000000013e75       0x10 ./Core/React_game/game.o
 .debug_macro   0x0000000000013e85       0x16 ./Core/React_game/game.o
 .debug_macro   0x0000000000013e9b       0x43 ./Core/React_game/game.o
 .debug_macro   0x0000000000013ede       0x34 ./Core/React_game/game.o
 .debug_macro   0x0000000000013f12       0x10 ./Core/React_game/game.o
 .debug_macro   0x0000000000013f22       0x58 ./Core/React_game/game.o
 .debug_macro   0x0000000000013f7a       0x8e ./Core/React_game/game.o
 .debug_macro   0x0000000000014008       0x1c ./Core/React_game/game.o
 .debug_macro   0x0000000000014024      0x177 ./Core/React_game/game.o
 .debug_macro   0x000000000001419b       0x16 ./Core/React_game/game.o
 .debug_macro   0x00000000000141b1       0x16 ./Core/React_game/game.o
 .debug_macro   0x00000000000141c7      0x147 ./Core/React_game/game.o
 .debug_macro   0x000000000001430e       0x16 ./Core/React_game/game.o
 .debug_macro   0x0000000000014324       0x16 ./Core/React_game/game.o
 .debug_macro   0x000000000001433a       0x29 ./Core/React_game/game.o
 .debug_macro   0x0000000000014363      0x2c9 ./Core/Src/main.o
 .debug_macro   0x000000000001462c       0x58 ./Core/Src/main.o
 .debug_macro   0x0000000000014684       0x7c ./Core/Src/main.o
 .debug_macro   0x0000000000014700      0x1aa ./Core/Src/stm32l1xx_hal_msp.o
 .debug_macro   0x00000000000148aa      0x1b4 ./Core/Src/stm32l1xx_it.o
 .debug_macro   0x0000000000014a5e      0x19b ./Core/Src/system_stm32l1xx.o
 .debug_macro   0x0000000000014bf9      0x1bf ./Drivers/STM32L1xx_HAL_Driver/Src/stm32l1xx_hal.o
 .debug_macro   0x0000000000014db8      0x19b ./Drivers/STM32L1xx_HAL_Driver/Src/stm32l1xx_hal_cortex.o
 .debug_macro   0x0000000000014f53      0x1a2 ./Drivers/STM32L1xx_HAL_Driver/Src/stm32l1xx_hal_gpio.o
 .debug_macro   0x00000000000150f5      0x1ad ./Drivers/STM32L1xx_HAL_Driver/Src/stm32l1xx_hal_rcc.o
 .debug_macro   0x00000000000152a2      0x1aa ./Drivers/STM32L1xx_HAL_Driver/Src/stm32l1xx_hal_spi.o

.debug_line     0x0000000000000000     0x7321
 .debug_line    0x0000000000000000      0x99e ./Core/React_game/game.o
 .debug_line    0x000000000000099e      0x99d ./Core/Src/main.o
 .debug_line    0x000000000000133b      0x6e6 ./Core/Src/stm32l1xx_hal_msp.o
 .debug_line    0x0000000000001a21      0x78c ./Core/Src/stm32l1xx_it.o
 .debug_line    0x00000000000021ad      0x738 ./Core/Src/system_stm32l1xx.o
 .debug_line    0x00000000000028e5       0x79 ./Core/Startup/startup_stm32l152retx.o
 .debug_line    0x000000000000295e      0x95b ./Drivers/STM32L1xx_HAL_Driver/Src/stm32l1xx_hal.o
 .debug_line    0x00000000000032b9      0xc28 ./Drivers/STM32L1xx_HAL_Driver/Src/stm32l1xx_hal_cortex.o
 .debug_line    0x0000000000003ee1      0x9d3 ./Drivers/STM32L1xx_HAL_Driver/Src/stm32l1xx_hal_gpio.o
 .debug_line    0x00000000000048b4      0xe62 ./Drivers/STM32L1xx_HAL_Driver/Src/stm32l1xx_hal_rcc.o
 .debug_line    0x0000000000005716     0x1c0b ./Drivers/STM32L1xx_HAL_Driver/Src/stm32l1xx_hal_spi.o

.debug_str      0x0000000000000000    0x83b9d
 .debug_str     0x0000000000000000    0x82354 ./Core/React_game/game.o
                                      0x8266c (size before relaxing)
 .debug_str     0x0000000000082354      0x63c ./Core/Src/main.o
                                      0x82a88 (size before relaxing)
 .debug_str     0x0000000000082990       0x5e ./Core/Src/stm32l1xx_hal_msp.o
                                      0x7ea55 (size before relaxing)
 .debug_str     0x00000000000829ee      0x10a ./Core/Src/stm32l1xx_it.o
                                      0x7e641 (size before relaxing)
 .debug_str     0x0000000000082af8       0x99 ./Core/Src/system_stm32l1xx.o
                                      0x7e4fc (size before relaxing)
 .debug_str     0x0000000000082b91       0x34 ./Core/Startup/startup_stm32l152retx.o
                                         0x67 (size before relaxing)
 .debug_str     0x0000000000082bc5      0x30c ./Drivers/STM32L1xx_HAL_Driver/Src/stm32l1xx_hal.o
                                      0x7ec21 (size before relaxing)
 .debug_str     0x0000000000082ed1      0x3c7 ./Drivers/STM32L1xx_HAL_Driver/Src/stm32l1xx_hal_cortex.o
                                      0x7ecfb (size before relaxing)
 .debug_str     0x0000000000083298       0xe2 ./Drivers/STM32L1xx_HAL_Driver/Src/stm32l1xx_hal_gpio.o
                                      0x7e68f (size before relaxing)
 .debug_str     0x000000000008337a      0x281 ./Drivers/STM32L1xx_HAL_Driver/Src/stm32l1xx_hal_rcc.o
                                      0x7e9b8 (size before relaxing)
 .debug_str     0x00000000000835fb      0x5a2 ./Drivers/STM32L1xx_HAL_Driver/Src/stm32l1xx_hal_spi.o
                                      0x7ee24 (size before relaxing)

.debug_frame    0x0000000000000000     0x1858
 .debug_frame   0x0000000000000000      0x188 ./Core/React_game/game.o
 .debug_frame   0x0000000000000188       0xa8 ./Core/Src/main.o
 .debug_frame   0x0000000000000230       0x80 ./Core/Src/stm32l1xx_hal_msp.o
 .debug_frame   0x00000000000002b0      0x13c ./Core/Src/stm32l1xx_it.o
 .debug_frame   0x00000000000003ec       0x58 ./Core/Src/system_stm32l1xx.o
 .debug_frame   0x0000000000000444      0x33c ./Drivers/STM32L1xx_HAL_Driver/Src/stm32l1xx_hal.o
 .debug_frame   0x0000000000000780      0x498 ./Drivers/STM32L1xx_HAL_Driver/Src/stm32l1xx_hal_cortex.o
 .debug_frame   0x0000000000000c18      0x14c ./Drivers/STM32L1xx_HAL_Driver/Src/stm32l1xx_hal_gpio.o
 .debug_frame   0x0000000000000d64      0x224 ./Drivers/STM32L1xx_HAL_Driver/Src/stm32l1xx_hal_rcc.o
 .debug_frame   0x0000000000000f88      0x824 ./Drivers/STM32L1xx_HAL_Driver/Src/stm32l1xx_hal_spi.o
 .debug_frame   0x00000000000017ac       0x20 /Applications/STM32CubeIDE.app/Contents/Eclipse/plugins/com.st.stm32cube.ide.mcu.externaltools.gnu-tools-for-stm32.11.3.rel1.macos64_1.1.100.202310310803/tools/bin/../lib/gcc/arm-none-eabi/11.3.1/../../../../arm-none-eabi/lib/thumb/v7-m/nofp/libc_nano.a(libc_a-memset.o)
 .debug_frame   0x00000000000017cc       0x2c /Applications/STM32CubeIDE.app/Contents/Eclipse/plugins/com.st.stm32cube.ide.mcu.externaltools.gnu-tools-for-stm32.11.3.rel1.macos64_1.1.100.202310310803/tools/bin/../lib/gcc/arm-none-eabi/11.3.1/../../../../arm-none-eabi/lib/thumb/v7-m/nofp/libc_nano.a(libc_a-init.o)
 .debug_frame   0x00000000000017f8       0x2c /Applications/STM32CubeIDE.app/Contents/Eclipse/plugins/com.st.stm32cube.ide.mcu.externaltools.gnu-tools-for-stm32.11.3.rel1.macos64_1.1.100.202310310803/tools/bin/../lib/gcc/arm-none-eabi/11.3.1/thumb/v7-m/nofp/libgcc.a(_aeabi_uldivmod.o)
 .debug_frame   0x0000000000001824       0x34 /Applications/STM32CubeIDE.app/Contents/Eclipse/plugins/com.st.stm32cube.ide.mcu.externaltools.gnu-tools-for-stm32.11.3.rel1.macos64_1.1.100.202310310803/tools/bin/../lib/gcc/arm-none-eabi/11.3.1/thumb/v7-m/nofp/libgcc.a(_udivmoddi4.o)

.debug_line_str
                0x0000000000000000       0x5b
 .debug_line_str
                0x0000000000000000       0x5b ./Core/Startup/startup_stm32l152retx.o
                                         0x73 (size before relaxing)
